acpi
acpid
alsa-firmware
alsa-utils
amd-ucode
android-tools
android-udev
apparmor
appimagelauncher
ark
autoconf
automake
avahi
b43-fwcutter
bash
bat
binutils
bison
bluedevil
blueman
btrfs-progs
bzip2
calibre
cantata
capitaine-cursors
cdparanoia
cdrdao
chromium
cmake
copyq
coreutils
cpupower
crda
cronie
cryptsetup
device-mapper
dhclient
dhcpcd
diffutils
dmidecode
dmraid
dnsmasq
dolphin
dolphin-plugins
dosfstools
dunst
dvd+rw-tools
e2fsprogs
ecryptfs-utils
efibootmgr
emacs
emovix
exfat-utils
f2fs-tools
fakeroot
feh
ffmpeg
ffmpegthumbs
file
filelight
filesystem
findutils
firefox
fish
flex
fwupd
fzf
gawk
gcc
gcc-libs
gettext
glibc
gnome-icon-theme
gnome-themes-extra
grep
grub
grub-theme-manjaro
gst-libav
gst-plugins-bad
gst-plugins-base
gst-plugins-good
gst-plugins-ugly
gtk3
gvfs
gvfs-afc
gvfs-gphoto2
gvfs-mtp
gvfs-nfs
gvfs-smb
gwenview
gzip
htop
i3-gaps
i3status
illyria-wallpaper
inetutils
inxi
iproute2
iputils
jfsutils
k3b
kaccounts-providers
kamera
kate
kcalc
kde-gtk-config
kdeconnect
kdegraphics-thumbnailers
kdenetwork-filesharing
kdeplasma-addons
keditbookmarks
kernel-alive
kfind
kgamma5
kget
khelpcenter
khotkeys
kimageformats
kinfocenter
kio-extras
kmenuedit
konsole
konversation
kscreen
kscreenlocker
ksshaskpass
ksysguard
ksystemlog
kwallet-pam
kwalletmanager
kwayland-integration
kwin
kwrited
less
lib32-libcanberra
lib32-libcanberra-pulse
lib32-libva-intel-driver
lib32-libva-mesa-driver
lib32-libva-vdpau-driver
lib32-mesa-demos
lib32-mesa-vdpau
lib32-nvidia-455xx-utils
lib32-vulkan-intel
lib32-vulkan-radeon
libcanberra
libcanberra-gstreamer
libcanberra-pulse
libdvdcss
libktorrent
libreoffice-still
libva-intel-driver
libva-mesa-driver
libva-vdpau-driver
licenses
linux58
linux58-nvidia-455xx
linux59
linux59-nvidia-455xx
logrotate
lvm2
lxappearance
m4
make
man-db
man-pages
manjaro-alsa
manjaro-application-utility
manjaro-browser-settings
manjaro-documentation-en
manjaro-firmware
manjaro-hello
manjaro-hotfixes
manjaro-kde-settings
manjaro-printer
manjaro-pulse
manjaro-release
manjaro-settings-manager-kcm
manjaro-settings-manager-knotifier
manjaro-system
manjaro-wallpapers-18.0
manjaro-zsh-config
mdadm
memtest86+
mesa-demos
mesa-vdpau
mhwd
mhwd-db
milou
mkinitcpio-openswap
mobile-broadband-provider-info
modemmanager
mpd
mpv
mtpfs
nano
ncdu
nerd-fonts-noto-sans-mono
network-manager-applet
networkmanager
networkmanager-openconnect
networkmanager-openvpn
networkmanager-pptp
networkmanager-vpnc
nfs-utils
noto-fonts
noto-fonts-cjk
noto-fonts-emoji
npm
nss-mdns
ntfs-3g
ntp
numlockx
nvidia-455xx-utils
nvidia-prime
okular
openresolv
openssh
os-prober
oxygen
oxygen-icons
p7zip
pacman
pamac-cli
pamac-flatpak-plugin
pamac-gtk
pamac-snap-plugin
pamac-tray-icon-plasma
partitionmanager
patch
pavucontrol
pciutils
perl
perl-file-mimeinfo
phonon-qt5-gstreamer
pkgconf
plasma-desktop
plasma-nm
plasma-pa
plasma-simplemenu
plasma-workspace
plasma-workspace-wallpapers
playonlinux
poppler-data
powerdevil
powertop
print-manager
procps-ng
psmisc
pulseaudio-bluetooth
pulseaudio-ctl
pulseaudio-zeroconf
python-pillow
python-pip
python-pyqt5
python-pysmbc
python-reportlab
qt5-imageformats
qt5-virtualkeyboard
qutebrowser
ranger
redshift
reiserfsprogs
rofi
rsync
ruby
s-nail
samba
screenfetch
sddm
sddm-breath2-theme
sddm-kcm
sed
shadow
skanlite
snapd
snapd-glib
spectacle
spectre-meltdown-checker
sshfs
steam-manjaro
stow
sudo
sxiv
sysfsutils
system-config-printer
systemd
systemd-fsck-silent
systemd-kcm
systemd-sysvcompat
systemsettings
tar
telegram-desktop
terminus-font
termite
texinfo
thunar
thunderbird
timeshift
tlp
transcode
translate-shell
ttf-dejavu
ttf-droid
ttf-inconsolata
ttf-indic-otf
ttf-liberation
udiskie
udisks2
unarchiver
unp
unzip
usb_modeswitch
usbutils
util-linux
vcdimager
vi
vim
vlc
volumeicon
vulkan-intel
vulkan-radeon
w3m
wallpapers-2018
wallpapers-juhraya
wget
which
wmctrl
wpa_supplicant
xdg-desktop-portal
xdg-desktop-portal-kde
xdg-user-dirs
xdg-utils
xdotool
xf86-input-elographics
xf86-input-evdev
xf86-input-libinput
xf86-input-void
xf86-video-amdgpu
xf86-video-ati
xf86-video-intel
xf86-video-nouveau
xfsprogs
xorg-server
xorg-twm
xorg-xbacklight
xorg-xinit
xorg-xinput
xorg-xkill
xorg-xwininfo
xsel
xz
yakuake
yay
zensu
